/home/sayak/Desktop/Mini Robot Dog/DAZZY/install/Mini_Dog_URDF_description/lib/python3.12/site-packages/Mini_Dog_URDF_description/__init__.py
/home/sayak/Desktop/Mini Robot Dog/DAZZY/install/Mini_Dog_URDF_description/lib/python3.12/site-packages/Mini_Dog_URDF_description/open_loop_visualizer_node.py
/home/sayak/Desktop/Mini Robot Dog/DAZZY/install/Mini_Dog_URDF_description/lib/python3.12/site-packages/Mini_Dog_URDF_description/ratchet_controller.py
/home/sayak/Desktop/Mini Robot Dog/DAZZY/install/Mini_Dog_URDF_description/lib/python3.12/site-packages/Mini_Dog_URDF_description/battery_sag_node.py
/home/sayak/Desktop/Mini Robot Dog/DAZZY/install/Mini_Dog_URDF_description/lib/python3.12/site-packages/Mini_Dog_URDF_description/kinematics/skateboard_sim.py
/home/sayak/Desktop/Mini Robot Dog/DAZZY/install/Mini_Dog_URDF_description/lib/python3.12/site-packages/Mini_Dog_URDF_description/kinematics/pivot_turn.py
/home/sayak/Desktop/Mini Robot Dog/DAZZY/install/Mini_Dog_URDF_description/lib/python3.12/site-packages/Mini_Dog_URDF_description/kinematics/walk_forward.py
/home/sayak/Desktop/Mini Robot Dog/DAZZY/install/Mini_Dog_URDF_description/lib/python3.12/site-packages/Mini_Dog_URDF_description/kinematics/crawl_gait.py
/home/sayak/Desktop/Mini Robot Dog/DAZZY/install/Mini_Dog_URDF_description/lib/python3.12/site-packages/Mini_Dog_URDF_description/kinematics/__init__.py
/home/sayak/Desktop/Mini Robot Dog/DAZZY/install/Mini_Dog_URDF_description/lib/python3.12/site-packages/Mini_Dog_URDF_description/kinematics/master_teleop.py
/home/sayak/Desktop/Mini Robot Dog/DAZZY/install/Mini_Dog_URDF_description/lib/python3.12/site-packages/Mini_Dog_URDF_description/kinematics/skateboard_forward.py
/home/sayak/Desktop/Mini Robot Dog/DAZZY/install/Mini_Dog_URDF_description/lib/python3.12/site-packages/Mini_Dog_URDF_description/kinematics/stand_straight.py
/home/sayak/Desktop/Mini Robot Dog/DAZZY/install/Mini_Dog_URDF_description/lib/python3.12/site-packages/Mini_Dog_URDF_description/kinematics/wheelie_glide.py
/home/sayak/Desktop/Mini Robot Dog/DAZZY/install/Mini_Dog_URDF_description/lib/python3.12/site-packages/Mini_Dog_URDF_description/__pycache__/__init__.cpython-312.pyc
/home/sayak/Desktop/Mini Robot Dog/DAZZY/install/Mini_Dog_URDF_description/lib/python3.12/site-packages/Mini_Dog_URDF_description/__pycache__/open_loop_visualizer_node.cpython-312.pyc
/home/sayak/Desktop/Mini Robot Dog/DAZZY/install/Mini_Dog_URDF_description/lib/python3.12/site-packages/Mini_Dog_URDF_description/__pycache__/ratchet_controller.cpython-312.pyc
/home/sayak/Desktop/Mini Robot Dog/DAZZY/install/Mini_Dog_URDF_description/lib/python3.12/site-packages/Mini_Dog_URDF_description/__pycache__/battery_sag_node.cpython-312.pyc
/home/sayak/Desktop/Mini Robot Dog/DAZZY/install/Mini_Dog_URDF_description/lib/python3.12/site-packages/Mini_Dog_URDF_description/kinematics/__pycache__/skateboard_sim.cpython-312.pyc
/home/sayak/Desktop/Mini Robot Dog/DAZZY/install/Mini_Dog_URDF_description/lib/python3.12/site-packages/Mini_Dog_URDF_description/kinematics/__pycache__/pivot_turn.cpython-312.pyc
/home/sayak/Desktop/Mini Robot Dog/DAZZY/install/Mini_Dog_URDF_description/lib/python3.12/site-packages/Mini_Dog_URDF_description/kinematics/__pycache__/walk_forward.cpython-312.pyc
/home/sayak/Desktop/Mini Robot Dog/DAZZY/install/Mini_Dog_URDF_description/lib/python3.12/site-packages/Mini_Dog_URDF_description/kinematics/__pycache__/crawl_gait.cpython-312.pyc
/home/sayak/Desktop/Mini Robot Dog/DAZZY/install/Mini_Dog_URDF_description/lib/python3.12/site-packages/Mini_Dog_URDF_description/kinematics/__pycache__/__init__.cpython-312.pyc
/home/sayak/Desktop/Mini Robot Dog/DAZZY/install/Mini_Dog_URDF_description/lib/python3.12/site-packages/Mini_Dog_URDF_description/kinematics/__pycache__/master_teleop.cpython-312.pyc
/home/sayak/Desktop/Mini Robot Dog/DAZZY/install/Mini_Dog_URDF_description/lib/python3.12/site-packages/Mini_Dog_URDF_description/kinematics/__pycache__/skateboard_forward.cpython-312.pyc
/home/sayak/Desktop/Mini Robot Dog/DAZZY/install/Mini_Dog_URDF_description/lib/python3.12/site-packages/Mini_Dog_URDF_description/kinematics/__pycache__/stand_straight.cpython-312.pyc
/home/sayak/Desktop/Mini Robot Dog/DAZZY/install/Mini_Dog_URDF_description/lib/python3.12/site-packages/Mini_Dog_URDF_description/kinematics/__pycache__/wheelie_glide.cpython-312.pyc
/home/sayak/Desktop/Mini Robot Dog/DAZZY/install/Mini_Dog_URDF_description/share/ament_index/resource_index/packages/Mini_Dog_URDF_description
/home/sayak/Desktop/Mini Robot Dog/DAZZY/install/Mini_Dog_URDF_description/share/Mini_Dog_URDF_description/package.xml
/home/sayak/Desktop/Mini Robot Dog/DAZZY/install/Mini_Dog_URDF_description/share/Mini_Dog_URDF_description/launch/display.launch.py
/home/sayak/Desktop/Mini Robot Dog/DAZZY/install/Mini_Dog_URDF_description/share/Mini_Dog_URDF_description/launch/gazebo.launch.py
/home/sayak/Desktop/Mini Robot Dog/DAZZY/install/Mini_Dog_URDF_description/share/Mini_Dog_URDF_description/urdf/Mini_Dog_URDF.gazebo
/home/sayak/Desktop/Mini Robot Dog/DAZZY/install/Mini_Dog_URDF_description/share/Mini_Dog_URDF_description/urdf/materials.xacro
/home/sayak/Desktop/Mini Robot Dog/DAZZY/install/Mini_Dog_URDF_description/share/Mini_Dog_URDF_description/urdf/ros2_control.xacro
/home/sayak/Desktop/Mini Robot Dog/DAZZY/install/Mini_Dog_URDF_description/share/Mini_Dog_URDF_description/urdf/Mini_Dog_URDF.xacro
/home/sayak/Desktop/Mini Robot Dog/DAZZY/install/Mini_Dog_URDF_description/share/Mini_Dog_URDF_description/meshes/Tibia_right__1__1.stl
/home/sayak/Desktop/Mini Robot Dog/DAZZY/install/Mini_Dog_URDF_description/share/Mini_Dog_URDF_description/meshes/Pushrod__3__1.stl
/home/sayak/Desktop/Mini Robot Dog/DAZZY/install/Mini_Dog_URDF_description/share/Mini_Dog_URDF_description/meshes/PTK_7465_v3__1__1.stl
/home/sayak/Desktop/Mini Robot Dog/DAZZY/install/Mini_Dog_URDF_description/share/Mini_Dog_URDF_description/meshes/Battery_Equivalent_1.stl
/home/sayak/Desktop/Mini Robot Dog/DAZZY/install/Mini_Dog_URDF_description/share/Mini_Dog_URDF_description/meshes/Knee-bearing_1.stl
/home/sayak/Desktop/Mini Robot Dog/DAZZY/install/Mini_Dog_URDF_description/share/Mini_Dog_URDF_description/meshes/All_Other_Electronics_equivalent_1.stl
/home/sayak/Desktop/Mini Robot Dog/DAZZY/install/Mini_Dog_URDF_description/share/Mini_Dog_URDF_description/meshes/Foot_Bearing_holder__3__1.stl
/home/sayak/Desktop/Mini Robot Dog/DAZZY/install/Mini_Dog_URDF_description/share/Mini_Dog_URDF_description/meshes/Servo_Horn__2__1.stl
/home/sayak/Desktop/Mini Robot Dog/DAZZY/install/Mini_Dog_URDF_description/share/Mini_Dog_URDF_description/meshes/Pushrod__2__1.stl
/home/sayak/Desktop/Mini Robot Dog/DAZZY/install/Mini_Dog_URDF_description/share/Mini_Dog_URDF_description/meshes/Tibia_right_1.stl
/home/sayak/Desktop/Mini Robot Dog/DAZZY/install/Mini_Dog_URDF_description/share/Mini_Dog_URDF_description/meshes/Femur_left__1__1.stl
/home/sayak/Desktop/Mini Robot Dog/DAZZY/install/Mini_Dog_URDF_description/share/Mini_Dog_URDF_description/meshes/Pushrod__1__1.stl
/home/sayak/Desktop/Mini Robot Dog/DAZZY/install/Mini_Dog_URDF_description/share/Mini_Dog_URDF_description/meshes/PTK_7465_v3__1___1__1.stl
/home/sayak/Desktop/Mini Robot Dog/DAZZY/install/Mini_Dog_URDF_description/share/Mini_Dog_URDF_description/meshes/Head_1.stl
/home/sayak/Desktop/Mini Robot Dog/DAZZY/install/Mini_Dog_URDF_description/share/Mini_Dog_URDF_description/meshes/Knee-bearing__1__1.stl
/home/sayak/Desktop/Mini Robot Dog/DAZZY/install/Mini_Dog_URDF_description/share/Mini_Dog_URDF_description/meshes/Battery-Platform_1.stl
/home/sayak/Desktop/Mini Robot Dog/DAZZY/install/Mini_Dog_URDF_description/share/Mini_Dog_URDF_description/meshes/PTK_7465_v3_1.stl
/home/sayak/Desktop/Mini Robot Dog/DAZZY/install/Mini_Dog_URDF_description/share/Mini_Dog_URDF_description/meshes/Foot_1.stl
/home/sayak/Desktop/Mini Robot Dog/DAZZY/install/Mini_Dog_URDF_description/share/Mini_Dog_URDF_description/meshes/Femur_left_1.stl
/home/sayak/Desktop/Mini Robot Dog/DAZZY/install/Mini_Dog_URDF_description/share/Mini_Dog_URDF_description/meshes/Foot__2__1.stl
/home/sayak/Desktop/Mini Robot Dog/DAZZY/install/Mini_Dog_URDF_description/share/Mini_Dog_URDF_description/meshes/Esp32_Platform_1.stl
/home/sayak/Desktop/Mini Robot Dog/DAZZY/install/Mini_Dog_URDF_description/share/Mini_Dog_URDF_description/meshes/Foot_Bearing_holder__2__1.stl
/home/sayak/Desktop/Mini Robot Dog/DAZZY/install/Mini_Dog_URDF_description/share/Mini_Dog_URDF_description/meshes/FootWheel_Ratchet__3__1.stl
/home/sayak/Desktop/Mini Robot Dog/DAZZY/install/Mini_Dog_URDF_description/share/Mini_Dog_URDF_description/meshes/Knee-bearing__1___2__1.stl
/home/sayak/Desktop/Mini Robot Dog/DAZZY/install/Mini_Dog_URDF_description/share/Mini_Dog_URDF_description/meshes/Servo_Horn__3__1.stl
/home/sayak/Desktop/Mini Robot Dog/DAZZY/install/Mini_Dog_URDF_description/share/Mini_Dog_URDF_description/meshes/Foot_Bearing_holder__1__1.stl
/home/sayak/Desktop/Mini Robot Dog/DAZZY/install/Mini_Dog_URDF_description/share/Mini_Dog_URDF_description/meshes/Servo_Horn__1__1.stl
/home/sayak/Desktop/Mini Robot Dog/DAZZY/install/Mini_Dog_URDF_description/share/Mini_Dog_URDF_description/meshes/Foot__1__1.stl
/home/sayak/Desktop/Mini Robot Dog/DAZZY/install/Mini_Dog_URDF_description/share/Mini_Dog_URDF_description/meshes/FootWheel_Ratchet__1__1.stl
/home/sayak/Desktop/Mini Robot Dog/DAZZY/install/Mini_Dog_URDF_description/share/Mini_Dog_URDF_description/meshes/Pushrod_1.stl
/home/sayak/Desktop/Mini Robot Dog/DAZZY/install/Mini_Dog_URDF_description/share/Mini_Dog_URDF_description/meshes/base_link.stl
/home/sayak/Desktop/Mini Robot Dog/DAZZY/install/Mini_Dog_URDF_description/share/Mini_Dog_URDF_description/meshes/Servo_Horn_1.stl
/home/sayak/Desktop/Mini Robot Dog/DAZZY/install/Mini_Dog_URDF_description/share/Mini_Dog_URDF_description/meshes/FootWheel_Ratchet__2__1.stl
/home/sayak/Desktop/Mini Robot Dog/DAZZY/install/Mini_Dog_URDF_description/share/Mini_Dog_URDF_description/meshes/Foot_Bearing_holder_1.stl
/home/sayak/Desktop/Mini Robot Dog/DAZZY/install/Mini_Dog_URDF_description/share/Mini_Dog_URDF_description/meshes/FootWheel_Ratchet_1.stl
/home/sayak/Desktop/Mini Robot Dog/DAZZY/install/Mini_Dog_URDF_description/share/Mini_Dog_URDF_description/meshes/Tibia_left__1__1.stl
/home/sayak/Desktop/Mini Robot Dog/DAZZY/install/Mini_Dog_URDF_description/share/Mini_Dog_URDF_description/meshes/PTK_7465_v3__1___1___1__1.stl
/home/sayak/Desktop/Mini Robot Dog/DAZZY/install/Mini_Dog_URDF_description/share/Mini_Dog_URDF_description/meshes/Femur_right__1__1.stl
/home/sayak/Desktop/Mini Robot Dog/DAZZY/install/Mini_Dog_URDF_description/share/Mini_Dog_URDF_description/meshes/Femur_right_1.stl
/home/sayak/Desktop/Mini Robot Dog/DAZZY/install/Mini_Dog_URDF_description/share/Mini_Dog_URDF_description/meshes/Tibia_left_1.stl
/home/sayak/Desktop/Mini Robot Dog/DAZZY/install/Mini_Dog_URDF_description/share/Mini_Dog_URDF_description/meshes/Foot__3__1.stl
/home/sayak/Desktop/Mini Robot Dog/DAZZY/install/Mini_Dog_URDF_description/share/Mini_Dog_URDF_description/meshes/Knee-bearing__1___1__1.stl
/home/sayak/Desktop/Mini Robot Dog/DAZZY/install/Mini_Dog_URDF_description/share/Mini_Dog_URDF_description/config/controllers.yaml
/home/sayak/Desktop/Mini Robot Dog/DAZZY/install/Mini_Dog_URDF_description/share/Mini_Dog_URDF_description/config/lab_world.sdf
/home/sayak/Desktop/Mini Robot Dog/DAZZY/install/Mini_Dog_URDF_description/share/Mini_Dog_URDF_description/config/display.rviz
/home/sayak/Desktop/Mini Robot Dog/DAZZY/install/Mini_Dog_URDF_description/lib/python3.12/site-packages/Mini_Dog_URDF_description-0.0.0-py3.12.egg-info/top_level.txt
/home/sayak/Desktop/Mini Robot Dog/DAZZY/install/Mini_Dog_URDF_description/lib/python3.12/site-packages/Mini_Dog_URDF_description-0.0.0-py3.12.egg-info/dependency_links.txt
/home/sayak/Desktop/Mini Robot Dog/DAZZY/install/Mini_Dog_URDF_description/lib/python3.12/site-packages/Mini_Dog_URDF_description-0.0.0-py3.12.egg-info/entry_points.txt
/home/sayak/Desktop/Mini Robot Dog/DAZZY/install/Mini_Dog_URDF_description/lib/python3.12/site-packages/Mini_Dog_URDF_description-0.0.0-py3.12.egg-info/PKG-INFO
/home/sayak/Desktop/Mini Robot Dog/DAZZY/install/Mini_Dog_URDF_description/lib/python3.12/site-packages/Mini_Dog_URDF_description-0.0.0-py3.12.egg-info/SOURCES.txt
/home/sayak/Desktop/Mini Robot Dog/DAZZY/install/Mini_Dog_URDF_description/lib/python3.12/site-packages/Mini_Dog_URDF_description-0.0.0-py3.12.egg-info/requires.txt
/home/sayak/Desktop/Mini Robot Dog/DAZZY/install/Mini_Dog_URDF_description/lib/python3.12/site-packages/Mini_Dog_URDF_description-0.0.0-py3.12.egg-info/zip-safe
/home/sayak/Desktop/Mini Robot Dog/DAZZY/install/Mini_Dog_URDF_description/lib/Mini_Dog_URDF_description/battery_sag_node
/home/sayak/Desktop/Mini Robot Dog/DAZZY/install/Mini_Dog_URDF_description/lib/Mini_Dog_URDF_description/crawl_gait_node
/home/sayak/Desktop/Mini Robot Dog/DAZZY/install/Mini_Dog_URDF_description/lib/Mini_Dog_URDF_description/master_teleop_node
/home/sayak/Desktop/Mini Robot Dog/DAZZY/install/Mini_Dog_URDF_description/lib/Mini_Dog_URDF_description/open_loop_visualizer_node
/home/sayak/Desktop/Mini Robot Dog/DAZZY/install/Mini_Dog_URDF_description/lib/Mini_Dog_URDF_description/pivot_turn_node
/home/sayak/Desktop/Mini Robot Dog/DAZZY/install/Mini_Dog_URDF_description/lib/Mini_Dog_URDF_description/ratchet_controller_node
/home/sayak/Desktop/Mini Robot Dog/DAZZY/install/Mini_Dog_URDF_description/lib/Mini_Dog_URDF_description/skateboard_forward_node
/home/sayak/Desktop/Mini Robot Dog/DAZZY/install/Mini_Dog_URDF_description/lib/Mini_Dog_URDF_description/skateboard_sim_node
/home/sayak/Desktop/Mini Robot Dog/DAZZY/install/Mini_Dog_URDF_description/lib/Mini_Dog_URDF_description/stand_straight_node
/home/sayak/Desktop/Mini Robot Dog/DAZZY/install/Mini_Dog_URDF_description/lib/Mini_Dog_URDF_description/walk_forward_node
/home/sayak/Desktop/Mini Robot Dog/DAZZY/install/Mini_Dog_URDF_description/lib/Mini_Dog_URDF_description/wheelie_glide_node
