[0.538s] Invoking command in '/home/sayak/Desktop/Mini Robot Dog/DAZZY/build/Mini_Dog_URDF_description': DEBUGINFOD_URLS=https://debuginfod.ubuntu.com PYTHONPATH=/home/sayak/Desktop/Mini Robot Dog/DAZZY/build/Mini_Dog_URDF_description/prefix_override:/usr/lib/python3/dist-packages/colcon_core/task/python/colcon_distutils_commands:/home/sayak/Desktop/Mini Robot Dog/DAZZY/install/Mini_Dog_URDF_description/lib/python3.12/site-packages:${PYTHONPATH} /usr/bin/python3 -W ignore:setup.py install is deprecated -W ignore:easy_install command is deprecated setup.py develop --uninstall --editable --build-directory /home/sayak/Desktop/Mini Robot Dog/DAZZY/build/Mini_Dog_URDF_description/build
[0.738s] running develop
[0.855s] Removing /home/sayak/Desktop/Mini Robot Dog/DAZZY/install/Mini_Dog_URDF_description/lib/python3.12/site-packages/Mini-Dog-URDF-description.egg-link (link to .)
[0.875s] Invoked command in '/home/sayak/Desktop/Mini Robot Dog/DAZZY/build/Mini_Dog_URDF_description' returned '0': DEBUGINFOD_URLS=https://debuginfod.ubuntu.com PYTHONPATH=/home/sayak/Desktop/Mini Robot Dog/DAZZY/build/Mini_Dog_URDF_description/prefix_override:/usr/lib/python3/dist-packages/colcon_core/task/python/colcon_distutils_commands:/home/sayak/Desktop/Mini Robot Dog/DAZZY/install/Mini_Dog_URDF_description/lib/python3.12/site-packages:${PYTHONPATH} /usr/bin/python3 -W ignore:setup.py install is deprecated -W ignore:easy_install command is deprecated setup.py develop --uninstall --editable --build-directory /home/sayak/Desktop/Mini Robot Dog/DAZZY/build/Mini_Dog_URDF_description/build
[0.876s] Invoking command in '/home/sayak/Desktop/Mini Robot Dog/DAZZY/Mini_Dog_URDF_description': DEBUGINFOD_URLS=https://debuginfod.ubuntu.com PYTHONPATH=/home/sayak/Desktop/Mini Robot Dog/DAZZY/build/Mini_Dog_URDF_description/prefix_override:/usr/lib/python3/dist-packages/colcon_core/task/python/colcon_distutils_commands:/home/sayak/Desktop/Mini Robot Dog/DAZZY/install/Mini_Dog_URDF_description/lib/python3.12/site-packages:${PYTHONPATH} /usr/bin/python3 -W ignore:setup.py install is deprecated -W ignore:easy_install command is deprecated setup.py egg_info --egg-base ../build/Mini_Dog_URDF_description build --build-base /home/sayak/Desktop/Mini Robot Dog/DAZZY/build/Mini_Dog_URDF_description/build install --record /home/sayak/Desktop/Mini Robot Dog/DAZZY/build/Mini_Dog_URDF_description/install.log --install-scripts $base/lib/Mini_Dog_URDF_description --single-version-externally-managed install_data --force
[1.050s] running egg_info
[1.061s] writing ../build/Mini_Dog_URDF_description/Mini_Dog_URDF_description.egg-info/PKG-INFO
[1.061s] writing dependency_links to ../build/Mini_Dog_URDF_description/Mini_Dog_URDF_description.egg-info/dependency_links.txt
[1.062s] writing entry points to ../build/Mini_Dog_URDF_description/Mini_Dog_URDF_description.egg-info/entry_points.txt
[1.062s] writing requirements to ../build/Mini_Dog_URDF_description/Mini_Dog_URDF_description.egg-info/requires.txt
[1.062s] writing top-level names to ../build/Mini_Dog_URDF_description/Mini_Dog_URDF_description.egg-info/top_level.txt
[1.084s] reading manifest file '../build/Mini_Dog_URDF_description/Mini_Dog_URDF_description.egg-info/SOURCES.txt'
[1.085s] writing manifest file '../build/Mini_Dog_URDF_description/Mini_Dog_URDF_description.egg-info/SOURCES.txt'
[1.085s] running build
[1.085s] running build_py
[1.085s] creating /home/sayak/Desktop/Mini Robot Dog/DAZZY/build/Mini_Dog_URDF_description/build/lib/Mini_Dog_URDF_description/kinematics
[1.085s] copying Mini_Dog_URDF_description/kinematics/walk_forward.py -> /home/sayak/Desktop/Mini Robot Dog/DAZZY/build/Mini_Dog_URDF_description/build/lib/Mini_Dog_URDF_description/kinematics
[1.086s] copying Mini_Dog_URDF_description/kinematics/__init__.py -> /home/sayak/Desktop/Mini Robot Dog/DAZZY/build/Mini_Dog_URDF_description/build/lib/Mini_Dog_URDF_description/kinematics
[1.086s] copying Mini_Dog_URDF_description/kinematics/stand_straight.py -> /home/sayak/Desktop/Mini Robot Dog/DAZZY/build/Mini_Dog_URDF_description/build/lib/Mini_Dog_URDF_description/kinematics
[1.086s] running install
[1.090s] running install_lib
[1.101s] creating /home/sayak/Desktop/Mini Robot Dog/DAZZY/install/Mini_Dog_URDF_description/lib/python3.12/site-packages/Mini_Dog_URDF_description
[1.101s] copying /home/sayak/Desktop/Mini Robot Dog/DAZZY/build/Mini_Dog_URDF_description/build/lib/Mini_Dog_URDF_description/__init__.py -> /home/sayak/Desktop/Mini Robot Dog/DAZZY/install/Mini_Dog_URDF_description/lib/python3.12/site-packages/Mini_Dog_URDF_description
[1.102s] copying /home/sayak/Desktop/Mini Robot Dog/DAZZY/build/Mini_Dog_URDF_description/build/lib/Mini_Dog_URDF_description/open_loop_visualizer_node.py -> /home/sayak/Desktop/Mini Robot Dog/DAZZY/install/Mini_Dog_URDF_description/lib/python3.12/site-packages/Mini_Dog_URDF_description
[1.102s] creating /home/sayak/Desktop/Mini Robot Dog/DAZZY/install/Mini_Dog_URDF_description/lib/python3.12/site-packages/Mini_Dog_URDF_description/kinematics
[1.102s] copying /home/sayak/Desktop/Mini Robot Dog/DAZZY/build/Mini_Dog_URDF_description/build/lib/Mini_Dog_URDF_description/kinematics/walk_forward.py -> /home/sayak/Desktop/Mini Robot Dog/DAZZY/install/Mini_Dog_URDF_description/lib/python3.12/site-packages/Mini_Dog_URDF_description/kinematics
[1.102s] copying /home/sayak/Desktop/Mini Robot Dog/DAZZY/build/Mini_Dog_URDF_description/build/lib/Mini_Dog_URDF_description/kinematics/__init__.py -> /home/sayak/Desktop/Mini Robot Dog/DAZZY/install/Mini_Dog_URDF_description/lib/python3.12/site-packages/Mini_Dog_URDF_description/kinematics
[1.102s] copying /home/sayak/Desktop/Mini Robot Dog/DAZZY/build/Mini_Dog_URDF_description/build/lib/Mini_Dog_URDF_description/kinematics/stand_straight.py -> /home/sayak/Desktop/Mini Robot Dog/DAZZY/install/Mini_Dog_URDF_description/lib/python3.12/site-packages/Mini_Dog_URDF_description/kinematics
[1.102s] copying /home/sayak/Desktop/Mini Robot Dog/DAZZY/build/Mini_Dog_URDF_description/build/lib/Mini_Dog_URDF_description/battery_sag_node.py -> /home/sayak/Desktop/Mini Robot Dog/DAZZY/install/Mini_Dog_URDF_description/lib/python3.12/site-packages/Mini_Dog_URDF_description
[1.102s] byte-compiling /home/sayak/Desktop/Mini Robot Dog/DAZZY/install/Mini_Dog_URDF_description/lib/python3.12/site-packages/Mini_Dog_URDF_description/__init__.py to __init__.cpython-312.pyc
[1.102s] byte-compiling /home/sayak/Desktop/Mini Robot Dog/DAZZY/install/Mini_Dog_URDF_description/lib/python3.12/site-packages/Mini_Dog_URDF_description/open_loop_visualizer_node.py to open_loop_visualizer_node.cpython-312.pyc
[1.103s] byte-compiling /home/sayak/Desktop/Mini Robot Dog/DAZZY/install/Mini_Dog_URDF_description/lib/python3.12/site-packages/Mini_Dog_URDF_description/kinematics/walk_forward.py to walk_forward.cpython-312.pyc
[1.104s] byte-compiling /home/sayak/Desktop/Mini Robot Dog/DAZZY/install/Mini_Dog_URDF_description/lib/python3.12/site-packages/Mini_Dog_URDF_description/kinematics/__init__.py to __init__.cpython-312.pyc
[1.104s] byte-compiling /home/sayak/Desktop/Mini Robot Dog/DAZZY/install/Mini_Dog_URDF_description/lib/python3.12/site-packages/Mini_Dog_URDF_description/kinematics/stand_straight.py to stand_straight.cpython-312.pyc
[1.105s] byte-compiling /home/sayak/Desktop/Mini Robot Dog/DAZZY/install/Mini_Dog_URDF_description/lib/python3.12/site-packages/Mini_Dog_URDF_description/battery_sag_node.py to battery_sag_node.cpython-312.pyc
[1.106s] running install_data
[1.106s] copying resource/Mini_Dog_URDF_description -> /home/sayak/Desktop/Mini Robot Dog/DAZZY/install/Mini_Dog_URDF_description/share/ament_index/resource_index/packages
[1.106s] copying package.xml -> /home/sayak/Desktop/Mini Robot Dog/DAZZY/install/Mini_Dog_URDF_description/share/Mini_Dog_URDF_description
[1.106s] copying launch/display.launch.py -> /home/sayak/Desktop/Mini Robot Dog/DAZZY/install/Mini_Dog_URDF_description/share/Mini_Dog_URDF_description/launch
[1.106s] copying launch/gazebo.launch.py -> /home/sayak/Desktop/Mini Robot Dog/DAZZY/install/Mini_Dog_URDF_description/share/Mini_Dog_URDF_description/launch
[1.106s] copying urdf/Mini_Dog_URDF.gazebo -> /home/sayak/Desktop/Mini Robot Dog/DAZZY/install/Mini_Dog_URDF_description/share/Mini_Dog_URDF_description/urdf
[1.106s] copying urdf/materials.xacro -> /home/sayak/Desktop/Mini Robot Dog/DAZZY/install/Mini_Dog_URDF_description/share/Mini_Dog_URDF_description/urdf
[1.106s] copying urdf/ros2_control.xacro -> /home/sayak/Desktop/Mini Robot Dog/DAZZY/install/Mini_Dog_URDF_description/share/Mini_Dog_URDF_description/urdf
[1.106s] copying urdf/Mini_Dog_URDF.xacro -> /home/sayak/Desktop/Mini Robot Dog/DAZZY/install/Mini_Dog_URDF_description/share/Mini_Dog_URDF_description/urdf
[1.106s] copying meshes/Tibia_right__1__1.stl -> /home/sayak/Desktop/Mini Robot Dog/DAZZY/install/Mini_Dog_URDF_description/share/Mini_Dog_URDF_description/meshes
[1.106s] copying meshes/Pushrod__3__1.stl -> /home/sayak/Desktop/Mini Robot Dog/DAZZY/install/Mini_Dog_URDF_description/share/Mini_Dog_URDF_description/meshes
[1.106s] copying meshes/PTK_7465_v3__1__1.stl -> /home/sayak/Desktop/Mini Robot Dog/DAZZY/install/Mini_Dog_URDF_description/share/Mini_Dog_URDF_description/meshes
[1.106s] copying meshes/Battery_Equivalent_1.stl -> /home/sayak/Desktop/Mini Robot Dog/DAZZY/install/Mini_Dog_URDF_description/share/Mini_Dog_URDF_description/meshes
[1.107s] copying meshes/Knee-bearing_1.stl -> /home/sayak/Desktop/Mini Robot Dog/DAZZY/install/Mini_Dog_URDF_description/share/Mini_Dog_URDF_description/meshes
[1.107s] copying meshes/All_Other_Electronics_equivalent_1.stl -> /home/sayak/Desktop/Mini Robot Dog/DAZZY/install/Mini_Dog_URDF_description/share/Mini_Dog_URDF_description/meshes
[1.107s] copying meshes/Servo_Horn__2__1.stl -> /home/sayak/Desktop/Mini Robot Dog/DAZZY/install/Mini_Dog_URDF_description/share/Mini_Dog_URDF_description/meshes
[1.107s] copying meshes/Pushrod__2__1.stl -> /home/sayak/Desktop/Mini Robot Dog/DAZZY/install/Mini_Dog_URDF_description/share/Mini_Dog_URDF_description/meshes
[1.107s] copying meshes/Tibia_right_1.stl -> /home/sayak/Desktop/Mini Robot Dog/DAZZY/install/Mini_Dog_URDF_description/share/Mini_Dog_URDF_description/meshes
[1.107s] copying meshes/Femur_left__1__1.stl -> /home/sayak/Desktop/Mini Robot Dog/DAZZY/install/Mini_Dog_URDF_description/share/Mini_Dog_URDF_description/meshes
[1.107s] copying meshes/Pushrod__1__1.stl -> /home/sayak/Desktop/Mini Robot Dog/DAZZY/install/Mini_Dog_URDF_description/share/Mini_Dog_URDF_description/meshes
[1.107s] copying meshes/PTK_7465_v3__1___1__1.stl -> /home/sayak/Desktop/Mini Robot Dog/DAZZY/install/Mini_Dog_URDF_description/share/Mini_Dog_URDF_description/meshes
[1.107s] copying meshes/Head_1.stl -> /home/sayak/Desktop/Mini Robot Dog/DAZZY/install/Mini_Dog_URDF_description/share/Mini_Dog_URDF_description/meshes
[1.107s] copying meshes/Knee-bearing__1__1.stl -> /home/sayak/Desktop/Mini Robot Dog/DAZZY/install/Mini_Dog_URDF_description/share/Mini_Dog_URDF_description/meshes
[1.107s] copying meshes/Battery-Platform_1.stl -> /home/sayak/Desktop/Mini Robot Dog/DAZZY/install/Mini_Dog_URDF_description/share/Mini_Dog_URDF_description/meshes
[1.107s] copying meshes/PTK_7465_v3_1.stl -> /home/sayak/Desktop/Mini Robot Dog/DAZZY/install/Mini_Dog_URDF_description/share/Mini_Dog_URDF_description/meshes
[1.107s] copying meshes/Foot_1.stl -> /home/sayak/Desktop/Mini Robot Dog/DAZZY/install/Mini_Dog_URDF_description/share/Mini_Dog_URDF_description/meshes
[1.108s] copying meshes/Femur_left_1.stl -> /home/sayak/Desktop/Mini Robot Dog/DAZZY/install/Mini_Dog_URDF_description/share/Mini_Dog_URDF_description/meshes
[1.108s] copying meshes/Foot__2__1.stl -> /home/sayak/Desktop/Mini Robot Dog/DAZZY/install/Mini_Dog_URDF_description/share/Mini_Dog_URDF_description/meshes
[1.108s] copying meshes/Esp32_Platform_1.stl -> /home/sayak/Desktop/Mini Robot Dog/DAZZY/install/Mini_Dog_URDF_description/share/Mini_Dog_URDF_description/meshes
[1.108s] copying meshes/Knee-bearing__1___2__1.stl -> /home/sayak/Desktop/Mini Robot Dog/DAZZY/install/Mini_Dog_URDF_description/share/Mini_Dog_URDF_description/meshes
[1.108s] copying meshes/Servo_Horn__3__1.stl -> /home/sayak/Desktop/Mini Robot Dog/DAZZY/install/Mini_Dog_URDF_description/share/Mini_Dog_URDF_description/meshes
[1.108s] copying meshes/Servo_Horn__1__1.stl -> /home/sayak/Desktop/Mini Robot Dog/DAZZY/install/Mini_Dog_URDF_description/share/Mini_Dog_URDF_description/meshes
[1.108s] copying meshes/Foot__1__1.stl -> /home/sayak/Desktop/Mini Robot Dog/DAZZY/install/Mini_Dog_URDF_description/share/Mini_Dog_URDF_description/meshes
[1.108s] copying meshes/Pushrod_1.stl -> /home/sayak/Desktop/Mini Robot Dog/DAZZY/install/Mini_Dog_URDF_description/share/Mini_Dog_URDF_description/meshes
[1.108s] copying meshes/base_link.stl -> /home/sayak/Desktop/Mini Robot Dog/DAZZY/install/Mini_Dog_URDF_description/share/Mini_Dog_URDF_description/meshes
[1.109s] copying meshes/Servo_Horn_1.stl -> /home/sayak/Desktop/Mini Robot Dog/DAZZY/install/Mini_Dog_URDF_description/share/Mini_Dog_URDF_description/meshes
[1.109s] copying meshes/Tibia_left__1__1.stl -> /home/sayak/Desktop/Mini Robot Dog/DAZZY/install/Mini_Dog_URDF_description/share/Mini_Dog_URDF_description/meshes
[1.109s] copying meshes/PTK_7465_v3__1___1___1__1.stl -> /home/sayak/Desktop/Mini Robot Dog/DAZZY/install/Mini_Dog_URDF_description/share/Mini_Dog_URDF_description/meshes
[1.109s] copying meshes/Femur_right__1__1.stl -> /home/sayak/Desktop/Mini Robot Dog/DAZZY/install/Mini_Dog_URDF_description/share/Mini_Dog_URDF_description/meshes
[1.109s] copying meshes/Femur_right_1.stl -> /home/sayak/Desktop/Mini Robot Dog/DAZZY/install/Mini_Dog_URDF_description/share/Mini_Dog_URDF_description/meshes
[1.109s] copying meshes/Tibia_left_1.stl -> /home/sayak/Desktop/Mini Robot Dog/DAZZY/install/Mini_Dog_URDF_description/share/Mini_Dog_URDF_description/meshes
[1.109s] copying meshes/Foot__3__1.stl -> /home/sayak/Desktop/Mini Robot Dog/DAZZY/install/Mini_Dog_URDF_description/share/Mini_Dog_URDF_description/meshes
[1.110s] copying meshes/Knee-bearing__1___1__1.stl -> /home/sayak/Desktop/Mini Robot Dog/DAZZY/install/Mini_Dog_URDF_description/share/Mini_Dog_URDF_description/meshes
[1.110s] copying config/controllers.yaml -> /home/sayak/Desktop/Mini Robot Dog/DAZZY/install/Mini_Dog_URDF_description/share/Mini_Dog_URDF_description/config
[1.110s] copying config/lab_world.sdf -> /home/sayak/Desktop/Mini Robot Dog/DAZZY/install/Mini_Dog_URDF_description/share/Mini_Dog_URDF_description/config
[1.110s] copying config/display.rviz -> /home/sayak/Desktop/Mini Robot Dog/DAZZY/install/Mini_Dog_URDF_description/share/Mini_Dog_URDF_description/config
[1.110s] running install_egg_info
[1.122s] Copying ../build/Mini_Dog_URDF_description/Mini_Dog_URDF_description.egg-info to /home/sayak/Desktop/Mini Robot Dog/DAZZY/install/Mini_Dog_URDF_description/lib/python3.12/site-packages/Mini_Dog_URDF_description-0.0.0-py3.12.egg-info
[1.123s] running install_scripts
[1.201s] Installing battery_sag_node script to /home/sayak/Desktop/Mini Robot Dog/DAZZY/install/Mini_Dog_URDF_description/lib/Mini_Dog_URDF_description
[1.202s] Installing open_loop_visualizer_node script to /home/sayak/Desktop/Mini Robot Dog/DAZZY/install/Mini_Dog_URDF_description/lib/Mini_Dog_URDF_description
[1.202s] Installing stand_straight_node script to /home/sayak/Desktop/Mini Robot Dog/DAZZY/install/Mini_Dog_URDF_description/lib/Mini_Dog_URDF_description
[1.202s] Installing walk_forward_node script to /home/sayak/Desktop/Mini Robot Dog/DAZZY/install/Mini_Dog_URDF_description/lib/Mini_Dog_URDF_description
[1.202s] writing list of installed files to '/home/sayak/Desktop/Mini Robot Dog/DAZZY/build/Mini_Dog_URDF_description/install.log'
[1.223s] Invoked command in '/home/sayak/Desktop/Mini Robot Dog/DAZZY/Mini_Dog_URDF_description' returned '0': DEBUGINFOD_URLS=https://debuginfod.ubuntu.com PYTHONPATH=/home/sayak/Desktop/Mini Robot Dog/DAZZY/build/Mini_Dog_URDF_description/prefix_override:/usr/lib/python3/dist-packages/colcon_core/task/python/colcon_distutils_commands:/home/sayak/Desktop/Mini Robot Dog/DAZZY/install/Mini_Dog_URDF_description/lib/python3.12/site-packages:${PYTHONPATH} /usr/bin/python3 -W ignore:setup.py install is deprecated -W ignore:easy_install command is deprecated setup.py egg_info --egg-base ../build/Mini_Dog_URDF_description build --build-base /home/sayak/Desktop/Mini Robot Dog/DAZZY/build/Mini_Dog_URDF_description/build install --record /home/sayak/Desktop/Mini Robot Dog/DAZZY/build/Mini_Dog_URDF_description/install.log --install-scripts $base/lib/Mini_Dog_URDF_description --single-version-externally-managed install_data --force
