[0.531s] Invoking command in '/home/sayak/Desktop/Mini Robot Dog/DAZZY/Mini_Dog_URDF_description': DEBUGINFOD_URLS=https://debuginfod.ubuntu.com PYTHONPATH=/home/sayak/Desktop/Mini Robot Dog/DAZZY/build/Mini_Dog_URDF_description/prefix_override:/usr/lib/python3/dist-packages/colcon_core/task/python/colcon_distutils_commands:/home/sayak/Desktop/Mini Robot Dog/DAZZY/install/Mini_Dog_URDF_description/lib/python3.12/site-packages:${PYTHONPATH} /usr/bin/python3 -W ignore:setup.py install is deprecated -W ignore:easy_install command is deprecated setup.py egg_info --egg-base ../build/Mini_Dog_URDF_description build --build-base /home/sayak/Desktop/Mini Robot Dog/DAZZY/build/Mini_Dog_URDF_description/build install --record /home/sayak/Desktop/Mini Robot Dog/DAZZY/build/Mini_Dog_URDF_description/install.log --install-scripts $base/lib/Mini_Dog_URDF_description --single-version-externally-managed install_data
[0.704s] running egg_info
[0.716s] writing ../build/Mini_Dog_URDF_description/Mini_Dog_URDF_description.egg-info/PKG-INFO
[0.716s] writing dependency_links to ../build/Mini_Dog_URDF_description/Mini_Dog_URDF_description.egg-info/dependency_links.txt
[0.716s] writing entry points to ../build/Mini_Dog_URDF_description/Mini_Dog_URDF_description.egg-info/entry_points.txt
[0.716s] writing requirements to ../build/Mini_Dog_URDF_description/Mini_Dog_URDF_description.egg-info/requires.txt
[0.716s] writing top-level names to ../build/Mini_Dog_URDF_description/Mini_Dog_URDF_description.egg-info/top_level.txt
[0.739s] reading manifest file '../build/Mini_Dog_URDF_description/Mini_Dog_URDF_description.egg-info/SOURCES.txt'
[0.740s] writing manifest file '../build/Mini_Dog_URDF_description/Mini_Dog_URDF_description.egg-info/SOURCES.txt'
[0.740s] running build
[0.740s] running build_py
[0.740s] running install
[0.745s] running install_lib
[0.756s] running install_data
[0.757s] running install_egg_info
[0.769s] removing '/home/sayak/Desktop/Mini Robot Dog/DAZZY/install/Mini_Dog_URDF_description/lib/python3.12/site-packages/Mini_Dog_URDF_description-0.0.0-py3.12.egg-info' (and everything under it)
[0.769s] Copying ../build/Mini_Dog_URDF_description/Mini_Dog_URDF_description.egg-info to /home/sayak/Desktop/Mini Robot Dog/DAZZY/install/Mini_Dog_URDF_description/lib/python3.12/site-packages/Mini_Dog_URDF_description-0.0.0-py3.12.egg-info
[0.770s] running install_scripts
[0.849s] Installing battery_sag_node script to /home/sayak/Desktop/Mini Robot Dog/DAZZY/install/Mini_Dog_URDF_description/lib/Mini_Dog_URDF_description
[0.849s] Installing open_loop_visualizer_node script to /home/sayak/Desktop/Mini Robot Dog/DAZZY/install/Mini_Dog_URDF_description/lib/Mini_Dog_URDF_description
[0.849s] Installing stand_straight_node script to /home/sayak/Desktop/Mini Robot Dog/DAZZY/install/Mini_Dog_URDF_description/lib/Mini_Dog_URDF_description
[0.849s] Installing walk_forward_node script to /home/sayak/Desktop/Mini Robot Dog/DAZZY/install/Mini_Dog_URDF_description/lib/Mini_Dog_URDF_description
[0.850s] writing list of installed files to '/home/sayak/Desktop/Mini Robot Dog/DAZZY/build/Mini_Dog_URDF_description/install.log'
[0.869s] Invoked command in '/home/sayak/Desktop/Mini Robot Dog/DAZZY/Mini_Dog_URDF_description' returned '0': DEBUGINFOD_URLS=https://debuginfod.ubuntu.com PYTHONPATH=/home/sayak/Desktop/Mini Robot Dog/DAZZY/build/Mini_Dog_URDF_description/prefix_override:/usr/lib/python3/dist-packages/colcon_core/task/python/colcon_distutils_commands:/home/sayak/Desktop/Mini Robot Dog/DAZZY/install/Mini_Dog_URDF_description/lib/python3.12/site-packages:${PYTHONPATH} /usr/bin/python3 -W ignore:setup.py install is deprecated -W ignore:easy_install command is deprecated setup.py egg_info --egg-base ../build/Mini_Dog_URDF_description build --build-base /home/sayak/Desktop/Mini Robot Dog/DAZZY/build/Mini_Dog_URDF_description/build install --record /home/sayak/Desktop/Mini Robot Dog/DAZZY/build/Mini_Dog_URDF_description/install.log --install-scripts $base/lib/Mini_Dog_URDF_description --single-version-externally-managed install_data
