[0.093s] DEBUG:colcon:Command line arguments: ['/usr/bin/colcon', 'build', '--symlink-install', '--packages-select', 'Mini_Dog_URDF_description']
[0.093s] DEBUG:colcon:Parsed command line arguments: Namespace(log_base=None, log_level=None, verb_name='build', build_base='build', install_base='install', merge_install=False, symlink_install=True, test_result_base=None, continue_on_error=False, executor='parallel', parallel_workers=20, event_handlers=None, ignore_user_meta=False, metas=['./colcon.meta'], base_paths=['.'], packages_ignore=None, packages_ignore_regex=None, paths=None, packages_up_to=None, packages_up_to_regex=None, packages_above=None, packages_above_and_dependencies=None, packages_above_depth=None, packages_select_by_dep=None, packages_skip_by_dep=None, packages_skip_up_to=None, packages_select_build_failed=False, packages_skip_build_finished=False, packages_select_test_failures=False, packages_skip_test_passed=False, packages_select=['Mini_Dog_URDF_description'], packages_skip=None, packages_select_regex=None, packages_skip_regex=None, packages_start=None, packages_end=None, cmake_args=None, cmake_target=None, cmake_target_skip_unavailable=False, cmake_clean_cache=False, cmake_clean_first=False, cmake_force_configure=False, ament_cmake_args=None, catkin_cmake_args=None, catkin_skip_building_tests=False, verb_parser=<colcon_defaults.argument_parser.defaults.DefaultArgumentsDecorator object at 0x79f9b99c17f0>, verb_extension=<colcon_core.verb.build.BuildVerb object at 0x79f9b99c0f50>, main=<bound method BuildVerb.main of <colcon_core.verb.build.BuildVerb object at 0x79f9b99c0f50>>)
[0.127s] Level 1:colcon.colcon_core.package_discovery:discover_packages(colcon_meta) check parameters
[0.127s] Level 1:colcon.colcon_core.package_discovery:discover_packages(recursive) check parameters
[0.127s] Level 1:colcon.colcon_core.package_discovery:discover_packages(ignore) check parameters
[0.127s] Level 1:colcon.colcon_core.package_discovery:discover_packages(path) check parameters
[0.127s] Level 1:colcon.colcon_core.package_discovery:discover_packages(colcon_meta) discover
[0.127s] Level 1:colcon.colcon_core.package_discovery:discover_packages(recursive) discover
[0.127s] INFO:colcon.colcon_core.package_discovery:Crawling recursively for packages in '/home/sayak/Desktop/Mini Robot Dog/DAZZY'
[0.127s] Level 1:colcon.colcon_core.package_identification:_identify(.) by extensions ['ignore', 'ignore_ament_install']
[0.127s] Level 1:colcon.colcon_core.package_identification:_identify(.) by extension 'ignore'
[0.127s] Level 1:colcon.colcon_core.package_identification:_identify(.) by extension 'ignore_ament_install'
[0.128s] Level 1:colcon.colcon_core.package_identification:_identify(.) by extensions ['colcon_pkg']
[0.128s] Level 1:colcon.colcon_core.package_identification:_identify(.) by extension 'colcon_pkg'
[0.128s] Level 1:colcon.colcon_core.package_identification:_identify(.) by extensions ['colcon_meta']
[0.128s] Level 1:colcon.colcon_core.package_identification:_identify(.) by extension 'colcon_meta'
[0.128s] Level 1:colcon.colcon_core.package_identification:_identify(.) by extensions ['ros']
[0.128s] Level 1:colcon.colcon_core.package_identification:_identify(.) by extension 'ros'
[0.149s] Level 1:colcon.colcon_core.package_identification:_identify(.) by extensions ['cmake', 'python']
[0.149s] Level 1:colcon.colcon_core.package_identification:_identify(.) by extension 'cmake'
[0.149s] Level 1:colcon.colcon_core.package_identification:_identify(.) by extension 'python'
[0.149s] Level 1:colcon.colcon_core.package_identification:_identify(.) by extensions ['python_setup_py']
[0.149s] Level 1:colcon.colcon_core.package_identification:_identify(.) by extension 'python_setup_py'
[0.149s] Level 1:colcon.colcon_core.package_identification:_identify(Mini_Dog_URDF_description) by extensions ['ignore', 'ignore_ament_install']
[0.149s] Level 1:colcon.colcon_core.package_identification:_identify(Mini_Dog_URDF_description) by extension 'ignore'
[0.149s] Level 1:colcon.colcon_core.package_identification:_identify(Mini_Dog_URDF_description) by extension 'ignore_ament_install'
[0.149s] Level 1:colcon.colcon_core.package_identification:_identify(Mini_Dog_URDF_description) by extensions ['colcon_pkg']
[0.149s] Level 1:colcon.colcon_core.package_identification:_identify(Mini_Dog_URDF_description) by extension 'colcon_pkg'
[0.149s] Level 1:colcon.colcon_core.package_identification:_identify(Mini_Dog_URDF_description) by extensions ['colcon_meta']
[0.149s] Level 1:colcon.colcon_core.package_identification:_identify(Mini_Dog_URDF_description) by extension 'colcon_meta'
[0.149s] Level 1:colcon.colcon_core.package_identification:_identify(Mini_Dog_URDF_description) by extensions ['ros']
[0.149s] Level 1:colcon.colcon_core.package_identification:_identify(Mini_Dog_URDF_description) by extension 'ros'
[0.151s] DEBUG:colcon.colcon_core.package_identification:Package 'Mini_Dog_URDF_description' with type 'ros.ament_python' and name 'Mini_Dog_URDF_description'
[0.151s] Level 1:colcon.colcon_core.package_identification:_identify(build) by extensions ['ignore', 'ignore_ament_install']
[0.152s] Level 1:colcon.colcon_core.package_identification:_identify(build) by extension 'ignore'
[0.152s] Level 1:colcon.colcon_core.package_identification:_identify(build) ignored
[0.152s] Level 1:colcon.colcon_core.package_identification:_identify(install) by extensions ['ignore', 'ignore_ament_install']
[0.152s] Level 1:colcon.colcon_core.package_identification:_identify(install) by extension 'ignore'
[0.152s] Level 1:colcon.colcon_core.package_identification:_identify(install) ignored
[0.152s] Level 1:colcon.colcon_core.package_identification:_identify(log) by extensions ['ignore', 'ignore_ament_install']
[0.152s] Level 1:colcon.colcon_core.package_identification:_identify(log) by extension 'ignore'
[0.152s] Level 1:colcon.colcon_core.package_identification:_identify(log) ignored
[0.152s] Level 1:colcon.colcon_core.package_discovery:discover_packages(recursive) using defaults
[0.152s] Level 1:colcon.colcon_core.package_discovery:discover_packages(ignore) discover
[0.152s] Level 1:colcon.colcon_core.package_discovery:discover_packages(ignore) using defaults
[0.152s] Level 1:colcon.colcon_core.package_discovery:discover_packages(path) discover
[0.152s] Level 1:colcon.colcon_core.package_discovery:discover_packages(path) using defaults
[0.169s] Level 5:colcon.colcon_core.verb:set package 'Mini_Dog_URDF_description' build argument 'cmake_args' from command line to 'None'
[0.169s] Level 5:colcon.colcon_core.verb:set package 'Mini_Dog_URDF_description' build argument 'cmake_target' from command line to 'None'
[0.169s] Level 5:colcon.colcon_core.verb:set package 'Mini_Dog_URDF_description' build argument 'cmake_target_skip_unavailable' from command line to 'False'
[0.169s] Level 5:colcon.colcon_core.verb:set package 'Mini_Dog_URDF_description' build argument 'cmake_clean_cache' from command line to 'False'
[0.169s] Level 5:colcon.colcon_core.verb:set package 'Mini_Dog_URDF_description' build argument 'cmake_clean_first' from command line to 'False'
[0.169s] Level 5:colcon.colcon_core.verb:set package 'Mini_Dog_URDF_description' build argument 'cmake_force_configure' from command line to 'False'
[0.169s] Level 5:colcon.colcon_core.verb:set package 'Mini_Dog_URDF_description' build argument 'ament_cmake_args' from command line to 'None'
[0.169s] Level 5:colcon.colcon_core.verb:set package 'Mini_Dog_URDF_description' build argument 'catkin_cmake_args' from command line to 'None'
[0.169s] Level 5:colcon.colcon_core.verb:set package 'Mini_Dog_URDF_description' build argument 'catkin_skip_building_tests' from command line to 'False'
[0.169s] DEBUG:colcon.colcon_core.verb:Building package 'Mini_Dog_URDF_description' with the following arguments: {'ament_cmake_args': None, 'build_base': '/home/sayak/Desktop/Mini Robot Dog/DAZZY/build/Mini_Dog_URDF_description', 'catkin_cmake_args': None, 'catkin_skip_building_tests': False, 'cmake_args': None, 'cmake_clean_cache': False, 'cmake_clean_first': False, 'cmake_force_configure': False, 'cmake_target': None, 'cmake_target_skip_unavailable': False, 'install_base': '/home/sayak/Desktop/Mini Robot Dog/DAZZY/install/Mini_Dog_URDF_description', 'merge_install': False, 'path': '/home/sayak/Desktop/Mini Robot Dog/DAZZY/Mini_Dog_URDF_description', 'symlink_install': True, 'test_result_base': None}
[0.170s] INFO:colcon.colcon_core.executor:Executing jobs using 'parallel' executor
[0.170s] DEBUG:colcon.colcon_parallel_executor.executor.parallel:run_until_complete
[0.171s] INFO:colcon.colcon_ros.task.ament_python.build:Building ROS package in '/home/sayak/Desktop/Mini Robot Dog/DAZZY/Mini_Dog_URDF_description' with build type 'ament_python'
[0.171s] Level 1:colcon.colcon_core.shell:create_environment_hook('Mini_Dog_URDF_description', 'ament_prefix_path')
[0.172s] INFO:colcon.colcon_core.plugin_system:Skipping extension 'colcon_core.shell.bat': Not used on non-Windows systems
[0.172s] INFO:colcon.colcon_core.shell:Creating environment descriptor '/home/sayak/Desktop/Mini Robot Dog/DAZZY/install/Mini_Dog_URDF_description/share/Mini_Dog_URDF_description/hook/ament_prefix_path.dsv'
[0.173s] INFO:colcon.colcon_core.shell:Creating environment hook '/home/sayak/Desktop/Mini Robot Dog/DAZZY/install/Mini_Dog_URDF_description/share/Mini_Dog_URDF_description/hook/ament_prefix_path.sh'
[0.174s] DEBUG:colcon.colcon_core.shell:Skip shell extension 'dsv' for command environment
[0.351s] INFO:colcon.colcon_core.task.python.build:Building Python package in '/home/sayak/Desktop/Mini Robot Dog/DAZZY/Mini_Dog_URDF_description'
[0.351s] DEBUG:colcon.colcon_core.shell:Skip shell extension 'dsv' for command environment
[0.848s] DEBUG:colcon.colcon_core.task.python.build:Available setuptools commands: upload_docs, init_catalog, update_catalog, build_scripts, clean, install_lib, develop, symlink_data, build_clib, bdist, dist_info, register, egg_info, rotate, sdist, setopt, upload, bdist_wheel, editable_wheel, saveopts, extract_messages, bdist_dumb, install_egg_info, test, compile_catalog, build_ext, easy_install, build_py, install, install_data, install_headers, bdist_rpm, bdist_egg, install_scripts, check, build, alias
[1.089s] DEBUG:colcon.colcon_core.task.python.build:Available setuptools 'develop' options: --always-unzip, --install-layout, --egg-path, --zip-ok, --multi-version, --quiet, --dry-run, --allow-hosts, --verbose, --editable, --record, --no-deps, --no-find-links, --build-directory, --no-user-cfg, --force-installation-into-system-dir, --install-dir, --user, --local-snapshots-ok, --upgrade, --always-copy, --version, --exclude-scripts, --help, --script-dir, --index-url, --find-links, --site-dirs, --uninstall, --optimize, --prefix
[1.090s] DEBUG:colcon.colcon_core.task.python.build:While undoing a previous installation files outside the Python library path are being ignored: /home/sayak/Desktop/Mini Robot Dog/DAZZY/install/Mini_Dog_URDF_description/share/ament_index/resource_index/packages/Mini_Dog_URDF_description
[1.090s] DEBUG:colcon.colcon_core.task.python.build:While undoing a previous installation files outside the Python library path are being ignored: /home/sayak/Desktop/Mini Robot Dog/DAZZY/install/Mini_Dog_URDF_description/share/Mini_Dog_URDF_description/package.xml
[1.090s] DEBUG:colcon.colcon_core.task.python.build:While undoing a previous installation files outside the Python library path are being ignored: /home/sayak/Desktop/Mini Robot Dog/DAZZY/install/Mini_Dog_URDF_description/share/Mini_Dog_URDF_description/launch/display.launch.py
[1.090s] DEBUG:colcon.colcon_core.task.python.build:While undoing a previous installation files outside the Python library path are being ignored: /home/sayak/Desktop/Mini Robot Dog/DAZZY/install/Mini_Dog_URDF_description/share/Mini_Dog_URDF_description/launch/gazebo.launch.py
[1.090s] DEBUG:colcon.colcon_core.task.python.build:While undoing a previous installation files outside the Python library path are being ignored: /home/sayak/Desktop/Mini Robot Dog/DAZZY/install/Mini_Dog_URDF_description/share/Mini_Dog_URDF_description/urdf/Mini_Dog_URDF.gazebo
[1.090s] DEBUG:colcon.colcon_core.task.python.build:While undoing a previous installation files outside the Python library path are being ignored: /home/sayak/Desktop/Mini Robot Dog/DAZZY/install/Mini_Dog_URDF_description/share/Mini_Dog_URDF_description/urdf/materials.xacro
[1.090s] DEBUG:colcon.colcon_core.task.python.build:While undoing a previous installation files outside the Python library path are being ignored: /home/sayak/Desktop/Mini Robot Dog/DAZZY/install/Mini_Dog_URDF_description/share/Mini_Dog_URDF_description/urdf/ros2_control.xacro
[1.090s] DEBUG:colcon.colcon_core.task.python.build:While undoing a previous installation files outside the Python library path are being ignored: /home/sayak/Desktop/Mini Robot Dog/DAZZY/install/Mini_Dog_URDF_description/share/Mini_Dog_URDF_description/urdf/Mini_Dog_URDF.xacro
[1.090s] DEBUG:colcon.colcon_core.task.python.build:While undoing a previous installation files outside the Python library path are being ignored: /home/sayak/Desktop/Mini Robot Dog/DAZZY/install/Mini_Dog_URDF_description/share/Mini_Dog_URDF_description/meshes/Tibia_right__1__1.stl
[1.090s] DEBUG:colcon.colcon_core.task.python.build:While undoing a previous installation files outside the Python library path are being ignored: /home/sayak/Desktop/Mini Robot Dog/DAZZY/install/Mini_Dog_URDF_description/share/Mini_Dog_URDF_description/meshes/Pushrod__3__1.stl
[1.090s] DEBUG:colcon.colcon_core.task.python.build:While undoing a previous installation files outside the Python library path are being ignored: /home/sayak/Desktop/Mini Robot Dog/DAZZY/install/Mini_Dog_URDF_description/share/Mini_Dog_URDF_description/meshes/PTK_7465_v3__1__1.stl
[1.090s] DEBUG:colcon.colcon_core.task.python.build:While undoing a previous installation files outside the Python library path are being ignored: /home/sayak/Desktop/Mini Robot Dog/DAZZY/install/Mini_Dog_URDF_description/share/Mini_Dog_URDF_description/meshes/Battery_Equivalent_1.stl
[1.090s] DEBUG:colcon.colcon_core.task.python.build:While undoing a previous installation files outside the Python library path are being ignored: /home/sayak/Desktop/Mini Robot Dog/DAZZY/install/Mini_Dog_URDF_description/share/Mini_Dog_URDF_description/meshes/Knee-bearing_1.stl
[1.090s] DEBUG:colcon.colcon_core.task.python.build:While undoing a previous installation files outside the Python library path are being ignored: /home/sayak/Desktop/Mini Robot Dog/DAZZY/install/Mini_Dog_URDF_description/share/Mini_Dog_URDF_description/meshes/All_Other_Electronics_equivalent_1.stl
[1.090s] DEBUG:colcon.colcon_core.task.python.build:While undoing a previous installation files outside the Python library path are being ignored: /home/sayak/Desktop/Mini Robot Dog/DAZZY/install/Mini_Dog_URDF_description/share/Mini_Dog_URDF_description/meshes/Servo_Horn__2__1.stl
[1.090s] DEBUG:colcon.colcon_core.task.python.build:While undoing a previous installation files outside the Python library path are being ignored: /home/sayak/Desktop/Mini Robot Dog/DAZZY/install/Mini_Dog_URDF_description/share/Mini_Dog_URDF_description/meshes/Pushrod__2__1.stl
[1.090s] DEBUG:colcon.colcon_core.task.python.build:While undoing a previous installation files outside the Python library path are being ignored: /home/sayak/Desktop/Mini Robot Dog/DAZZY/install/Mini_Dog_URDF_description/share/Mini_Dog_URDF_description/meshes/Tibia_right_1.stl
[1.090s] DEBUG:colcon.colcon_core.task.python.build:While undoing a previous installation files outside the Python library path are being ignored: /home/sayak/Desktop/Mini Robot Dog/DAZZY/install/Mini_Dog_URDF_description/share/Mini_Dog_URDF_description/meshes/Femur_left__1__1.stl
[1.090s] DEBUG:colcon.colcon_core.task.python.build:While undoing a previous installation files outside the Python library path are being ignored: /home/sayak/Desktop/Mini Robot Dog/DAZZY/install/Mini_Dog_URDF_description/share/Mini_Dog_URDF_description/meshes/Pushrod__1__1.stl
[1.090s] DEBUG:colcon.colcon_core.task.python.build:While undoing a previous installation files outside the Python library path are being ignored: /home/sayak/Desktop/Mini Robot Dog/DAZZY/install/Mini_Dog_URDF_description/share/Mini_Dog_URDF_description/meshes/PTK_7465_v3__1___1__1.stl
[1.090s] DEBUG:colcon.colcon_core.task.python.build:While undoing a previous installation files outside the Python library path are being ignored: /home/sayak/Desktop/Mini Robot Dog/DAZZY/install/Mini_Dog_URDF_description/share/Mini_Dog_URDF_description/meshes/Head_1.stl
[1.090s] DEBUG:colcon.colcon_core.task.python.build:While undoing a previous installation files outside the Python library path are being ignored: /home/sayak/Desktop/Mini Robot Dog/DAZZY/install/Mini_Dog_URDF_description/share/Mini_Dog_URDF_description/meshes/Knee-bearing__1__1.stl
[1.090s] DEBUG:colcon.colcon_core.task.python.build:While undoing a previous installation files outside the Python library path are being ignored: /home/sayak/Desktop/Mini Robot Dog/DAZZY/install/Mini_Dog_URDF_description/share/Mini_Dog_URDF_description/meshes/Battery-Platform_1.stl
[1.090s] DEBUG:colcon.colcon_core.task.python.build:While undoing a previous installation files outside the Python library path are being ignored: /home/sayak/Desktop/Mini Robot Dog/DAZZY/install/Mini_Dog_URDF_description/share/Mini_Dog_URDF_description/meshes/PTK_7465_v3_1.stl
[1.090s] DEBUG:colcon.colcon_core.task.python.build:While undoing a previous installation files outside the Python library path are being ignored: /home/sayak/Desktop/Mini Robot Dog/DAZZY/install/Mini_Dog_URDF_description/share/Mini_Dog_URDF_description/meshes/Foot_1.stl
[1.090s] DEBUG:colcon.colcon_core.task.python.build:While undoing a previous installation files outside the Python library path are being ignored: /home/sayak/Desktop/Mini Robot Dog/DAZZY/install/Mini_Dog_URDF_description/share/Mini_Dog_URDF_description/meshes/Femur_left_1.stl
[1.090s] DEBUG:colcon.colcon_core.task.python.build:While undoing a previous installation files outside the Python library path are being ignored: /home/sayak/Desktop/Mini Robot Dog/DAZZY/install/Mini_Dog_URDF_description/share/Mini_Dog_URDF_description/meshes/Foot__2__1.stl
[1.090s] DEBUG:colcon.colcon_core.task.python.build:While undoing a previous installation files outside the Python library path are being ignored: /home/sayak/Desktop/Mini Robot Dog/DAZZY/install/Mini_Dog_URDF_description/share/Mini_Dog_URDF_description/meshes/Esp32_Platform_1.stl
[1.090s] DEBUG:colcon.colcon_core.task.python.build:While undoing a previous installation files outside the Python library path are being ignored: /home/sayak/Desktop/Mini Robot Dog/DAZZY/install/Mini_Dog_URDF_description/share/Mini_Dog_URDF_description/meshes/Knee-bearing__1___2__1.stl
[1.090s] DEBUG:colcon.colcon_core.task.python.build:While undoing a previous installation files outside the Python library path are being ignored: /home/sayak/Desktop/Mini Robot Dog/DAZZY/install/Mini_Dog_URDF_description/share/Mini_Dog_URDF_description/meshes/Servo_Horn__3__1.stl
[1.090s] DEBUG:colcon.colcon_core.task.python.build:While undoing a previous installation files outside the Python library path are being ignored: /home/sayak/Desktop/Mini Robot Dog/DAZZY/install/Mini_Dog_URDF_description/share/Mini_Dog_URDF_description/meshes/Servo_Horn__1__1.stl
[1.090s] DEBUG:colcon.colcon_core.task.python.build:While undoing a previous installation files outside the Python library path are being ignored: /home/sayak/Desktop/Mini Robot Dog/DAZZY/install/Mini_Dog_URDF_description/share/Mini_Dog_URDF_description/meshes/Foot__1__1.stl
[1.090s] DEBUG:colcon.colcon_core.task.python.build:While undoing a previous installation files outside the Python library path are being ignored: /home/sayak/Desktop/Mini Robot Dog/DAZZY/install/Mini_Dog_URDF_description/share/Mini_Dog_URDF_description/meshes/Pushrod_1.stl
[1.090s] DEBUG:colcon.colcon_core.task.python.build:While undoing a previous installation files outside the Python library path are being ignored: /home/sayak/Desktop/Mini Robot Dog/DAZZY/install/Mini_Dog_URDF_description/share/Mini_Dog_URDF_description/meshes/base_link.stl
[1.090s] DEBUG:colcon.colcon_core.task.python.build:While undoing a previous installation files outside the Python library path are being ignored: /home/sayak/Desktop/Mini Robot Dog/DAZZY/install/Mini_Dog_URDF_description/share/Mini_Dog_URDF_description/meshes/Servo_Horn_1.stl
[1.090s] DEBUG:colcon.colcon_core.task.python.build:While undoing a previous installation files outside the Python library path are being ignored: /home/sayak/Desktop/Mini Robot Dog/DAZZY/install/Mini_Dog_URDF_description/share/Mini_Dog_URDF_description/meshes/Tibia_left__1__1.stl
[1.090s] DEBUG:colcon.colcon_core.task.python.build:While undoing a previous installation files outside the Python library path are being ignored: /home/sayak/Desktop/Mini Robot Dog/DAZZY/install/Mini_Dog_URDF_description/share/Mini_Dog_URDF_description/meshes/PTK_7465_v3__1___1___1__1.stl
[1.090s] DEBUG:colcon.colcon_core.task.python.build:While undoing a previous installation files outside the Python library path are being ignored: /home/sayak/Desktop/Mini Robot Dog/DAZZY/install/Mini_Dog_URDF_description/share/Mini_Dog_URDF_description/meshes/Femur_right__1__1.stl
[1.090s] DEBUG:colcon.colcon_core.task.python.build:While undoing a previous installation files outside the Python library path are being ignored: /home/sayak/Desktop/Mini Robot Dog/DAZZY/install/Mini_Dog_URDF_description/share/Mini_Dog_URDF_description/meshes/Femur_right_1.stl
[1.090s] DEBUG:colcon.colcon_core.task.python.build:While undoing a previous installation files outside the Python library path are being ignored: /home/sayak/Desktop/Mini Robot Dog/DAZZY/install/Mini_Dog_URDF_description/share/Mini_Dog_URDF_description/meshes/Tibia_left_1.stl
[1.090s] DEBUG:colcon.colcon_core.task.python.build:While undoing a previous installation files outside the Python library path are being ignored: /home/sayak/Desktop/Mini Robot Dog/DAZZY/install/Mini_Dog_URDF_description/share/Mini_Dog_URDF_description/meshes/Foot__3__1.stl
[1.090s] DEBUG:colcon.colcon_core.task.python.build:While undoing a previous installation files outside the Python library path are being ignored: /home/sayak/Desktop/Mini Robot Dog/DAZZY/install/Mini_Dog_URDF_description/share/Mini_Dog_URDF_description/meshes/Knee-bearing__1___1__1.stl
[1.090s] DEBUG:colcon.colcon_core.task.python.build:While undoing a previous installation files outside the Python library path are being ignored: /home/sayak/Desktop/Mini Robot Dog/DAZZY/install/Mini_Dog_URDF_description/share/Mini_Dog_URDF_description/config/controllers.yaml
[1.090s] DEBUG:colcon.colcon_core.task.python.build:While undoing a previous installation files outside the Python library path are being ignored: /home/sayak/Desktop/Mini Robot Dog/DAZZY/install/Mini_Dog_URDF_description/share/Mini_Dog_URDF_description/config/lab_world.sdf
[1.090s] DEBUG:colcon.colcon_core.task.python.build:While undoing a previous installation files outside the Python library path are being ignored: /home/sayak/Desktop/Mini Robot Dog/DAZZY/install/Mini_Dog_URDF_description/share/Mini_Dog_URDF_description/config/display.rviz
[1.090s] DEBUG:colcon.colcon_core.task.python.build:While undoing a previous installation files outside the Python library path are being ignored: /home/sayak/Desktop/Mini Robot Dog/DAZZY/install/Mini_Dog_URDF_description/lib/Mini_Dog_URDF_description/battery_sag_node
[1.090s] DEBUG:colcon.colcon_core.task.python.build:While undoing a previous installation files outside the Python library path are being ignored: /home/sayak/Desktop/Mini Robot Dog/DAZZY/install/Mini_Dog_URDF_description/lib/Mini_Dog_URDF_description/open_loop_visualizer_node
[1.090s] DEBUG:colcon.colcon_core.task.python.build:While undoing a previous installation files outside the Python library path are being ignored: /home/sayak/Desktop/Mini Robot Dog/DAZZY/install/Mini_Dog_URDF_description/lib/Mini_Dog_URDF_description/stand_straight_node
[1.090s] DEBUG:colcon.colcon_core.task.python.build:While undoing a previous installation files outside the Python library path are being ignored: /home/sayak/Desktop/Mini Robot Dog/DAZZY/install/Mini_Dog_URDF_description/lib/Mini_Dog_URDF_description/walk_forward_node
[1.094s] DEBUG:colcon.colcon_core.event_handler.log_command:Invoking command in '/home/sayak/Desktop/Mini Robot Dog/DAZZY/build/Mini_Dog_URDF_description': DEBUGINFOD_URLS=https://debuginfod.ubuntu.com PYTHONPATH=/home/sayak/Desktop/Mini Robot Dog/DAZZY/build/Mini_Dog_URDF_description/prefix_override:/usr/lib/python3/dist-packages/colcon_core/task/python/colcon_distutils_commands:/home/sayak/Desktop/Mini Robot Dog/DAZZY/install/Mini_Dog_URDF_description/lib/python3.12/site-packages:${PYTHONPATH} /usr/bin/python3 -W ignore:setup.py install is deprecated -W ignore:easy_install command is deprecated setup.py develop --editable --build-directory /home/sayak/Desktop/Mini Robot Dog/DAZZY/build/Mini_Dog_URDF_description/build --no-deps symlink_data --force
[1.551s] Level 1:colcon.colcon_core.shell:create_environment_hook('Mini_Dog_URDF_description', 'pythonpath_develop')
[1.551s] INFO:colcon.colcon_core.shell:Creating environment descriptor '/home/sayak/Desktop/Mini Robot Dog/DAZZY/build/Mini_Dog_URDF_description/share/Mini_Dog_URDF_description/hook/pythonpath_develop.dsv'
[1.552s] DEBUG:colcon.colcon_core.event_handler.log_command:Invoked command in '/home/sayak/Desktop/Mini Robot Dog/DAZZY/build/Mini_Dog_URDF_description' returned '0': DEBUGINFOD_URLS=https://debuginfod.ubuntu.com PYTHONPATH=/home/sayak/Desktop/Mini Robot Dog/DAZZY/build/Mini_Dog_URDF_description/prefix_override:/usr/lib/python3/dist-packages/colcon_core/task/python/colcon_distutils_commands:/home/sayak/Desktop/Mini Robot Dog/DAZZY/install/Mini_Dog_URDF_description/lib/python3.12/site-packages:${PYTHONPATH} /usr/bin/python3 -W ignore:setup.py install is deprecated -W ignore:easy_install command is deprecated setup.py develop --editable --build-directory /home/sayak/Desktop/Mini Robot Dog/DAZZY/build/Mini_Dog_URDF_description/build --no-deps symlink_data --force
[1.552s] INFO:colcon.colcon_core.shell:Creating environment hook '/home/sayak/Desktop/Mini Robot Dog/DAZZY/build/Mini_Dog_URDF_description/share/Mini_Dog_URDF_description/hook/pythonpath_develop.sh'
[1.555s] Level 1:colcon.colcon_core.environment:checking '/home/sayak/Desktop/Mini Robot Dog/DAZZY/install/Mini_Dog_URDF_description' for CMake module files
[1.555s] Level 1:colcon.colcon_core.environment:checking '/home/sayak/Desktop/Mini Robot Dog/DAZZY/install/Mini_Dog_URDF_description' for CMake config files
[1.556s] Level 1:colcon.colcon_core.environment:checking '/home/sayak/Desktop/Mini Robot Dog/DAZZY/install/Mini_Dog_URDF_description/lib'
[1.556s] Level 1:colcon.colcon_core.environment:checking '/home/sayak/Desktop/Mini Robot Dog/DAZZY/install/Mini_Dog_URDF_description/bin'
[1.556s] Level 1:colcon.colcon_core.environment:checking '/home/sayak/Desktop/Mini Robot Dog/DAZZY/install/Mini_Dog_URDF_description/lib/pkgconfig/Mini_Dog_URDF_description.pc'
[1.556s] Level 1:colcon.colcon_core.environment:checking '/home/sayak/Desktop/Mini Robot Dog/DAZZY/install/Mini_Dog_URDF_description/lib/python3.12/site-packages'
[1.557s] Level 1:colcon.colcon_core.shell:create_environment_hook('Mini_Dog_URDF_description', 'pythonpath')
[1.557s] INFO:colcon.colcon_core.shell:Creating environment descriptor '/home/sayak/Desktop/Mini Robot Dog/DAZZY/install/Mini_Dog_URDF_description/share/Mini_Dog_URDF_description/hook/pythonpath.dsv'
[1.557s] INFO:colcon.colcon_core.shell:Creating environment hook '/home/sayak/Desktop/Mini Robot Dog/DAZZY/install/Mini_Dog_URDF_description/share/Mini_Dog_URDF_description/hook/pythonpath.sh'
[1.557s] Level 1:colcon.colcon_core.environment:checking '/home/sayak/Desktop/Mini Robot Dog/DAZZY/install/Mini_Dog_URDF_description/bin'
[1.557s] Level 1:colcon.colcon_core.environment:create_environment_scripts_only(Mini_Dog_URDF_description)
[1.558s] INFO:colcon.colcon_core.shell:Creating package descriptor '/home/sayak/Desktop/Mini Robot Dog/DAZZY/install/Mini_Dog_URDF_description/share/Mini_Dog_URDF_description/package.dsv'
[1.558s] INFO:colcon.colcon_core.shell:Creating package script '/home/sayak/Desktop/Mini Robot Dog/DAZZY/install/Mini_Dog_URDF_description/share/Mini_Dog_URDF_description/package.sh'
[1.558s] INFO:colcon.colcon_core.shell:Creating package script '/home/sayak/Desktop/Mini Robot Dog/DAZZY/install/Mini_Dog_URDF_description/share/Mini_Dog_URDF_description/package.bash'
[1.559s] INFO:colcon.colcon_core.shell:Creating package script '/home/sayak/Desktop/Mini Robot Dog/DAZZY/install/Mini_Dog_URDF_description/share/Mini_Dog_URDF_description/package.zsh'
[1.559s] Level 1:colcon.colcon_core.environment:create_file_with_runtime_dependencies(/home/sayak/Desktop/Mini Robot Dog/DAZZY/install/Mini_Dog_URDF_description/share/colcon-core/packages/Mini_Dog_URDF_description)
[1.560s] DEBUG:colcon.colcon_parallel_executor.executor.parallel:closing loop
[1.560s] DEBUG:colcon.colcon_parallel_executor.executor.parallel:loop closed
[1.560s] DEBUG:colcon.colcon_parallel_executor.executor.parallel:run_until_complete finished with '0'
[1.560s] DEBUG:colcon.colcon_core.event_reactor:joining thread
[1.564s] INFO:colcon.colcon_core.plugin_system:Skipping extension 'colcon_notification.desktop_notification.terminal_notifier': Not used on non-Darwin systems
[1.564s] INFO:colcon.colcon_core.plugin_system:Skipping extension 'colcon_notification.desktop_notification.win32': Not used on non-Windows systems
[1.564s] INFO:colcon.colcon_notification.desktop_notification:Sending desktop notification using 'notify2'
[1.583s] DEBUG:colcon.colcon_core.event_reactor:joined thread
[1.584s] INFO:colcon.colcon_core.shell:Creating prefix script '/home/sayak/Desktop/Mini Robot Dog/DAZZY/install/local_setup.sh'
[1.584s] INFO:colcon.colcon_core.shell:Creating prefix util module '/home/sayak/Desktop/Mini Robot Dog/DAZZY/install/_local_setup_util_sh.py'
[1.585s] INFO:colcon.colcon_core.shell:Creating prefix chain script '/home/sayak/Desktop/Mini Robot Dog/DAZZY/install/setup.sh'
[1.586s] INFO:colcon.colcon_core.shell:Creating prefix script '/home/sayak/Desktop/Mini Robot Dog/DAZZY/install/local_setup.bash'
[1.586s] INFO:colcon.colcon_core.shell:Creating prefix chain script '/home/sayak/Desktop/Mini Robot Dog/DAZZY/install/setup.bash'
[1.587s] INFO:colcon.colcon_core.shell:Creating prefix script '/home/sayak/Desktop/Mini Robot Dog/DAZZY/install/local_setup.zsh'
[1.588s] INFO:colcon.colcon_core.shell:Creating prefix chain script '/home/sayak/Desktop/Mini Robot Dog/DAZZY/install/setup.zsh'
