running develop
running egg_info
writing Mini_Dog_URDF_description.egg-info/PKG-INFO
writing dependency_links to Mini_Dog_URDF_description.egg-info/dependency_links.txt
writing entry points to Mini_Dog_URDF_description.egg-info/entry_points.txt
writing requirements to Mini_Dog_URDF_description.egg-info/requires.txt
writing top-level names to Mini_Dog_URDF_description.egg-info/top_level.txt
reading manifest file 'Mini_Dog_URDF_description.egg-info/SOURCES.txt'
writing manifest file 'Mini_Dog_URDF_description.egg-info/SOURCES.txt'
running build_ext
Creating /home/sayak/Desktop/Mini Robot Dog/DAZZY/install/Mini_Dog_URDF_description/lib/python3.12/site-packages/Mini-Dog-URDF-description.egg-link (link to .)
Installing battery_sag_node script to /home/sayak/Desktop/Mini Robot Dog/DAZZY/install/Mini_Dog_URDF_description/lib/Mini_Dog_URDF_description
Installing open_loop_visualizer_node script to /home/sayak/Desktop/Mini Robot Dog/DAZZY/install/Mini_Dog_URDF_description/lib/Mini_Dog_URDF_description
Installing stand_straight_node script to /home/sayak/Desktop/Mini Robot Dog/DAZZY/install/Mini_Dog_URDF_description/lib/Mini_Dog_URDF_description
Installing walk_forward_node script to /home/sayak/Desktop/Mini Robot Dog/DAZZY/install/Mini_Dog_URDF_description/lib/Mini_Dog_URDF_description

Installed /home/sayak/Desktop/Mini Robot Dog/DAZZY/build/Mini_Dog_URDF_description
running symlink_data
symbolically linking /home/sayak/Desktop/Mini Robot Dog/DAZZY/build/Mini_Dog_URDF_description/resource/Mini_Dog_URDF_description -> /home/sayak/Desktop/Mini Robot Dog/DAZZY/install/Mini_Dog_URDF_description/share/ament_index/resource_index/packages
symbolically linking /home/sayak/Desktop/Mini Robot Dog/DAZZY/build/Mini_Dog_URDF_description/package.xml -> /home/sayak/Desktop/Mini Robot Dog/DAZZY/install/Mini_Dog_URDF_description/share/Mini_Dog_URDF_description
symbolically linking /home/sayak/Desktop/Mini Robot Dog/DAZZY/build/Mini_Dog_URDF_description/launch/display.launch.py -> /home/sayak/Desktop/Mini Robot Dog/DAZZY/install/Mini_Dog_URDF_description/share/Mini_Dog_URDF_description/launch
symbolically linking /home/sayak/Desktop/Mini Robot Dog/DAZZY/build/Mini_Dog_URDF_description/launch/gazebo.launch.py -> /home/sayak/Desktop/Mini Robot Dog/DAZZY/install/Mini_Dog_URDF_description/share/Mini_Dog_URDF_description/launch
symbolically linking /home/sayak/Desktop/Mini Robot Dog/DAZZY/build/Mini_Dog_URDF_description/urdf/Mini_Dog_URDF.gazebo -> /home/sayak/Desktop/Mini Robot Dog/DAZZY/install/Mini_Dog_URDF_description/share/Mini_Dog_URDF_description/urdf
symbolically linking /home/sayak/Desktop/Mini Robot Dog/DAZZY/build/Mini_Dog_URDF_description/urdf/materials.xacro -> /home/sayak/Desktop/Mini Robot Dog/DAZZY/install/Mini_Dog_URDF_description/share/Mini_Dog_URDF_description/urdf
symbolically linking /home/sayak/Desktop/Mini Robot Dog/DAZZY/build/Mini_Dog_URDF_description/urdf/ros2_control.xacro -> /home/sayak/Desktop/Mini Robot Dog/DAZZY/install/Mini_Dog_URDF_description/share/Mini_Dog_URDF_description/urdf
symbolically linking /home/sayak/Desktop/Mini Robot Dog/DAZZY/build/Mini_Dog_URDF_description/urdf/Mini_Dog_URDF.xacro -> /home/sayak/Desktop/Mini Robot Dog/DAZZY/install/Mini_Dog_URDF_description/share/Mini_Dog_URDF_description/urdf
symbolically linking /home/sayak/Desktop/Mini Robot Dog/DAZZY/build/Mini_Dog_URDF_description/meshes/Tibia_right__1__1.stl -> /home/sayak/Desktop/Mini Robot Dog/DAZZY/install/Mini_Dog_URDF_description/share/Mini_Dog_URDF_description/meshes
symbolically linking /home/sayak/Desktop/Mini Robot Dog/DAZZY/build/Mini_Dog_URDF_description/meshes/Pushrod__3__1.stl -> /home/sayak/Desktop/Mini Robot Dog/DAZZY/install/Mini_Dog_URDF_description/share/Mini_Dog_URDF_description/meshes
symbolically linking /home/sayak/Desktop/Mini Robot Dog/DAZZY/build/Mini_Dog_URDF_description/meshes/PTK_7465_v3__1__1.stl -> /home/sayak/Desktop/Mini Robot Dog/DAZZY/install/Mini_Dog_URDF_description/share/Mini_Dog_URDF_description/meshes
symbolically linking /home/sayak/Desktop/Mini Robot Dog/DAZZY/build/Mini_Dog_URDF_description/meshes/Battery_Equivalent_1.stl -> /home/sayak/Desktop/Mini Robot Dog/DAZZY/install/Mini_Dog_URDF_description/share/Mini_Dog_URDF_description/meshes
symbolically linking /home/sayak/Desktop/Mini Robot Dog/DAZZY/build/Mini_Dog_URDF_description/meshes/Knee-bearing_1.stl -> /home/sayak/Desktop/Mini Robot Dog/DAZZY/install/Mini_Dog_URDF_description/share/Mini_Dog_URDF_description/meshes
symbolically linking /home/sayak/Desktop/Mini Robot Dog/DAZZY/build/Mini_Dog_URDF_description/meshes/All_Other_Electronics_equivalent_1.stl -> /home/sayak/Desktop/Mini Robot Dog/DAZZY/install/Mini_Dog_URDF_description/share/Mini_Dog_URDF_description/meshes
symbolically linking /home/sayak/Desktop/Mini Robot Dog/DAZZY/build/Mini_Dog_URDF_description/meshes/Servo_Horn__2__1.stl -> /home/sayak/Desktop/Mini Robot Dog/DAZZY/install/Mini_Dog_URDF_description/share/Mini_Dog_URDF_description/meshes
symbolically linking /home/sayak/Desktop/Mini Robot Dog/DAZZY/build/Mini_Dog_URDF_description/meshes/Pushrod__2__1.stl -> /home/sayak/Desktop/Mini Robot Dog/DAZZY/install/Mini_Dog_URDF_description/share/Mini_Dog_URDF_description/meshes
symbolically linking /home/sayak/Desktop/Mini Robot Dog/DAZZY/build/Mini_Dog_URDF_description/meshes/Tibia_right_1.stl -> /home/sayak/Desktop/Mini Robot Dog/DAZZY/install/Mini_Dog_URDF_description/share/Mini_Dog_URDF_description/meshes
symbolically linking /home/sayak/Desktop/Mini Robot Dog/DAZZY/build/Mini_Dog_URDF_description/meshes/Femur_left__1__1.stl -> /home/sayak/Desktop/Mini Robot Dog/DAZZY/install/Mini_Dog_URDF_description/share/Mini_Dog_URDF_description/meshes
symbolically linking /home/sayak/Desktop/Mini Robot Dog/DAZZY/build/Mini_Dog_URDF_description/meshes/Pushrod__1__1.stl -> /home/sayak/Desktop/Mini Robot Dog/DAZZY/install/Mini_Dog_URDF_description/share/Mini_Dog_URDF_description/meshes
symbolically linking /home/sayak/Desktop/Mini Robot Dog/DAZZY/build/Mini_Dog_URDF_description/meshes/PTK_7465_v3__1___1__1.stl -> /home/sayak/Desktop/Mini Robot Dog/DAZZY/install/Mini_Dog_URDF_description/share/Mini_Dog_URDF_description/meshes
symbolically linking /home/sayak/Desktop/Mini Robot Dog/DAZZY/build/Mini_Dog_URDF_description/meshes/Head_1.stl -> /home/sayak/Desktop/Mini Robot Dog/DAZZY/install/Mini_Dog_URDF_description/share/Mini_Dog_URDF_description/meshes
symbolically linking /home/sayak/Desktop/Mini Robot Dog/DAZZY/build/Mini_Dog_URDF_description/meshes/Knee-bearing__1__1.stl -> /home/sayak/Desktop/Mini Robot Dog/DAZZY/install/Mini_Dog_URDF_description/share/Mini_Dog_URDF_description/meshes
symbolically linking /home/sayak/Desktop/Mini Robot Dog/DAZZY/build/Mini_Dog_URDF_description/meshes/Battery-Platform_1.stl -> /home/sayak/Desktop/Mini Robot Dog/DAZZY/install/Mini_Dog_URDF_description/share/Mini_Dog_URDF_description/meshes
symbolically linking /home/sayak/Desktop/Mini Robot Dog/DAZZY/build/Mini_Dog_URDF_description/meshes/PTK_7465_v3_1.stl -> /home/sayak/Desktop/Mini Robot Dog/DAZZY/install/Mini_Dog_URDF_description/share/Mini_Dog_URDF_description/meshes
symbolically linking /home/sayak/Desktop/Mini Robot Dog/DAZZY/build/Mini_Dog_URDF_description/meshes/Foot_1.stl -> /home/sayak/Desktop/Mini Robot Dog/DAZZY/install/Mini_Dog_URDF_description/share/Mini_Dog_URDF_description/meshes
symbolically linking /home/sayak/Desktop/Mini Robot Dog/DAZZY/build/Mini_Dog_URDF_description/meshes/Femur_left_1.stl -> /home/sayak/Desktop/Mini Robot Dog/DAZZY/install/Mini_Dog_URDF_description/share/Mini_Dog_URDF_description/meshes
symbolically linking /home/sayak/Desktop/Mini Robot Dog/DAZZY/build/Mini_Dog_URDF_description/meshes/Foot__2__1.stl -> /home/sayak/Desktop/Mini Robot Dog/DAZZY/install/Mini_Dog_URDF_description/share/Mini_Dog_URDF_description/meshes
symbolically linking /home/sayak/Desktop/Mini Robot Dog/DAZZY/build/Mini_Dog_URDF_description/meshes/Esp32_Platform_1.stl -> /home/sayak/Desktop/Mini Robot Dog/DAZZY/install/Mini_Dog_URDF_description/share/Mini_Dog_URDF_description/meshes
symbolically linking /home/sayak/Desktop/Mini Robot Dog/DAZZY/build/Mini_Dog_URDF_description/meshes/Knee-bearing__1___2__1.stl -> /home/sayak/Desktop/Mini Robot Dog/DAZZY/install/Mini_Dog_URDF_description/share/Mini_Dog_URDF_description/meshes
symbolically linking /home/sayak/Desktop/Mini Robot Dog/DAZZY/build/Mini_Dog_URDF_description/meshes/Servo_Horn__3__1.stl -> /home/sayak/Desktop/Mini Robot Dog/DAZZY/install/Mini_Dog_URDF_description/share/Mini_Dog_URDF_description/meshes
symbolically linking /home/sayak/Desktop/Mini Robot Dog/DAZZY/build/Mini_Dog_URDF_description/meshes/Servo_Horn__1__1.stl -> /home/sayak/Desktop/Mini Robot Dog/DAZZY/install/Mini_Dog_URDF_description/share/Mini_Dog_URDF_description/meshes
symbolically linking /home/sayak/Desktop/Mini Robot Dog/DAZZY/build/Mini_Dog_URDF_description/meshes/Foot__1__1.stl -> /home/sayak/Desktop/Mini Robot Dog/DAZZY/install/Mini_Dog_URDF_description/share/Mini_Dog_URDF_description/meshes
symbolically linking /home/sayak/Desktop/Mini Robot Dog/DAZZY/build/Mini_Dog_URDF_description/meshes/Pushrod_1.stl -> /home/sayak/Desktop/Mini Robot Dog/DAZZY/install/Mini_Dog_URDF_description/share/Mini_Dog_URDF_description/meshes
symbolically linking /home/sayak/Desktop/Mini Robot Dog/DAZZY/build/Mini_Dog_URDF_description/meshes/base_link.stl -> /home/sayak/Desktop/Mini Robot Dog/DAZZY/install/Mini_Dog_URDF_description/share/Mini_Dog_URDF_description/meshes
symbolically linking /home/sayak/Desktop/Mini Robot Dog/DAZZY/build/Mini_Dog_URDF_description/meshes/Servo_Horn_1.stl -> /home/sayak/Desktop/Mini Robot Dog/DAZZY/install/Mini_Dog_URDF_description/share/Mini_Dog_URDF_description/meshes
symbolically linking /home/sayak/Desktop/Mini Robot Dog/DAZZY/build/Mini_Dog_URDF_description/meshes/Tibia_left__1__1.stl -> /home/sayak/Desktop/Mini Robot Dog/DAZZY/install/Mini_Dog_URDF_description/share/Mini_Dog_URDF_description/meshes
symbolically linking /home/sayak/Desktop/Mini Robot Dog/DAZZY/build/Mini_Dog_URDF_description/meshes/PTK_7465_v3__1___1___1__1.stl -> /home/sayak/Desktop/Mini Robot Dog/DAZZY/install/Mini_Dog_URDF_description/share/Mini_Dog_URDF_description/meshes
symbolically linking /home/sayak/Desktop/Mini Robot Dog/DAZZY/build/Mini_Dog_URDF_description/meshes/Femur_right__1__1.stl -> /home/sayak/Desktop/Mini Robot Dog/DAZZY/install/Mini_Dog_URDF_description/share/Mini_Dog_URDF_description/meshes
symbolically linking /home/sayak/Desktop/Mini Robot Dog/DAZZY/build/Mini_Dog_URDF_description/meshes/Femur_right_1.stl -> /home/sayak/Desktop/Mini Robot Dog/DAZZY/install/Mini_Dog_URDF_description/share/Mini_Dog_URDF_description/meshes
symbolically linking /home/sayak/Desktop/Mini Robot Dog/DAZZY/build/Mini_Dog_URDF_description/meshes/Tibia_left_1.stl -> /home/sayak/Desktop/Mini Robot Dog/DAZZY/install/Mini_Dog_URDF_description/share/Mini_Dog_URDF_description/meshes
symbolically linking /home/sayak/Desktop/Mini Robot Dog/DAZZY/build/Mini_Dog_URDF_description/meshes/Foot__3__1.stl -> /home/sayak/Desktop/Mini Robot Dog/DAZZY/install/Mini_Dog_URDF_description/share/Mini_Dog_URDF_description/meshes
symbolically linking /home/sayak/Desktop/Mini Robot Dog/DAZZY/build/Mini_Dog_URDF_description/meshes/Knee-bearing__1___1__1.stl -> /home/sayak/Desktop/Mini Robot Dog/DAZZY/install/Mini_Dog_URDF_description/share/Mini_Dog_URDF_description/meshes
symbolically linking /home/sayak/Desktop/Mini Robot Dog/DAZZY/build/Mini_Dog_URDF_description/config/controllers.yaml -> /home/sayak/Desktop/Mini Robot Dog/DAZZY/install/Mini_Dog_URDF_description/share/Mini_Dog_URDF_description/config
symbolically linking /home/sayak/Desktop/Mini Robot Dog/DAZZY/build/Mini_Dog_URDF_description/config/lab_world.sdf -> /home/sayak/Desktop/Mini Robot Dog/DAZZY/install/Mini_Dog_URDF_description/share/Mini_Dog_URDF_description/config
symbolically linking /home/sayak/Desktop/Mini Robot Dog/DAZZY/build/Mini_Dog_URDF_description/config/display.rviz -> /home/sayak/Desktop/Mini Robot Dog/DAZZY/install/Mini_Dog_URDF_description/share/Mini_Dog_URDF_description/config
