[0.516s] Invoking command in '/home/sayak/Desktop/Mini Robot Dog/DAZZY/Mini_Dog_URDF_description': DEBUGINFOD_URLS=https://debuginfod.ubuntu.com PYTHONPATH=/home/sayak/Desktop/Mini Robot Dog/DAZZY/build/Mini_Dog_URDF_description/prefix_override:/usr/lib/python3/dist-packages/colcon_core/task/python/colcon_distutils_commands:/home/sayak/Desktop/Mini Robot Dog/DAZZY/install/Mini_Dog_URDF_description/lib/python3.12/site-packages:${PYTHONPATH} /usr/bin/python3 -W ignore:setup.py install is deprecated -W ignore:easy_install command is deprecated setup.py egg_info --egg-base ../build/Mini_Dog_URDF_description build --build-base /home/sayak/Desktop/Mini Robot Dog/DAZZY/build/Mini_Dog_URDF_description/build install --record /home/sayak/Desktop/Mini Robot Dog/DAZZY/build/Mini_Dog_URDF_description/install.log --install-scripts $base/lib/Mini_Dog_URDF_description --single-version-externally-managed install_data
[0.690s] running egg_info
[0.701s] writing ../build/Mini_Dog_URDF_description/Mini_Dog_URDF_description.egg-info/PKG-INFO
[0.701s] writing dependency_links to ../build/Mini_Dog_URDF_description/Mini_Dog_URDF_description.egg-info/dependency_links.txt
[0.701s] writing entry points to ../build/Mini_Dog_URDF_description/Mini_Dog_URDF_description.egg-info/entry_points.txt
[0.701s] writing requirements to ../build/Mini_Dog_URDF_description/Mini_Dog_URDF_description.egg-info/requires.txt
[0.701s] writing top-level names to ../build/Mini_Dog_URDF_description/Mini_Dog_URDF_description.egg-info/top_level.txt
[0.725s] reading manifest file '../build/Mini_Dog_URDF_description/Mini_Dog_URDF_description.egg-info/SOURCES.txt'
[0.725s] writing manifest file '../build/Mini_Dog_URDF_description/Mini_Dog_URDF_description.egg-info/SOURCES.txt'
[0.725s] running build
[0.725s] running build_py
[0.726s] running install
[0.730s] running install_lib
[0.742s] running install_data
[0.742s] copying urdf/Mini_Dog_URDF.gazebo -> /home/sayak/Desktop/Mini Robot Dog/DAZZY/install/Mini_Dog_URDF_description/share/Mini_Dog_URDF_description/urdf
[0.742s] copying urdf/Mini_Dog_URDF.xacro -> /home/sayak/Desktop/Mini Robot Dog/DAZZY/install/Mini_Dog_URDF_description/share/Mini_Dog_URDF_description/urdf
[0.743s] running install_egg_info
[0.755s] removing '/home/sayak/Desktop/Mini Robot Dog/DAZZY/install/Mini_Dog_URDF_description/lib/python3.12/site-packages/Mini_Dog_URDF_description-0.0.0-py3.12.egg-info' (and everything under it)
[0.755s] Copying ../build/Mini_Dog_URDF_description/Mini_Dog_URDF_description.egg-info to /home/sayak/Desktop/Mini Robot Dog/DAZZY/install/Mini_Dog_URDF_description/lib/python3.12/site-packages/Mini_Dog_URDF_description-0.0.0-py3.12.egg-info
[0.755s] running install_scripts
[0.835s] Installing battery_sag_node script to /home/sayak/Desktop/Mini Robot Dog/DAZZY/install/Mini_Dog_URDF_description/lib/Mini_Dog_URDF_description
[0.835s] Installing open_loop_visualizer_node script to /home/sayak/Desktop/Mini Robot Dog/DAZZY/install/Mini_Dog_URDF_description/lib/Mini_Dog_URDF_description
[0.835s] writing list of installed files to '/home/sayak/Desktop/Mini Robot Dog/DAZZY/build/Mini_Dog_URDF_description/install.log'
[0.854s] Invoked command in '/home/sayak/Desktop/Mini Robot Dog/DAZZY/Mini_Dog_URDF_description' returned '0': DEBUGINFOD_URLS=https://debuginfod.ubuntu.com PYTHONPATH=/home/sayak/Desktop/Mini Robot Dog/DAZZY/build/Mini_Dog_URDF_description/prefix_override:/usr/lib/python3/dist-packages/colcon_core/task/python/colcon_distutils_commands:/home/sayak/Desktop/Mini Robot Dog/DAZZY/install/Mini_Dog_URDF_description/lib/python3.12/site-packages:${PYTHONPATH} /usr/bin/python3 -W ignore:setup.py install is deprecated -W ignore:easy_install command is deprecated setup.py egg_info --egg-base ../build/Mini_Dog_URDF_description build --build-base /home/sayak/Desktop/Mini Robot Dog/DAZZY/build/Mini_Dog_URDF_description/build install --record /home/sayak/Desktop/Mini Robot Dog/DAZZY/build/Mini_Dog_URDF_description/install.log --install-scripts $base/lib/Mini_Dog_URDF_description --single-version-externally-managed install_data
